// Vitest Snapshot v1, https://vitest.dev/guide/snapshot.html

exports[`视觉/性能验收 > 视觉基线：cc=1（单大陆） > visual-cc1 1`] = `
{
  "boundaries": 4,
  "boundaryByType": {
    "convergent": 83,
    "divergent": 73,
    "total": 2000,
    "transform": 52,
  },
  "coastlineVertCounts": [
    466,
  ],
  "coastlines": 1,
  "land": 786,
  "landRatio": 0.393,
  "landmass": {
    "bboxAspectRatio": 1.7,
    "bboxFillRatio": 0.532,
    "coastRoughness": 8.388,
    "componentCount": 1,
    "edgeLinearity": 0.357,
    "largestRatio": 0.999,
    "polarLandRatio": 0.085,
    "secondRatio": 0,
  },
  "plates": 4,
  "total": 2000,
  "water": 1214,
}
`;

exports[`视觉/性能验收 > 视觉基线：cc=4（多大陆） > visual-cc4 1`] = `
{
  "boundaries": 10,
  "boundaryByType": {
    "convergent": 205,
    "divergent": 37,
    "total": 3000,
    "transform": 100,
  },
  "coastlineVertCounts": [
    8,
    11,
    28,
    312,
    383,
  ],
  "coastlines": 5,
  "land": 1192,
  "landRatio": 0.397,
  "landmass": {
    "bboxAspectRatio": 1.232,
    "bboxFillRatio": 0.619,
    "coastRoughness": 5.95,
    "componentCount": 2,
    "edgeLinearity": 0.558,
    "largestRatio": 0.562,
    "polarLandRatio": 0.104,
    "secondRatio": 0.424,
  },
  "plates": 6,
  "total": 3000,
  "water": 1808,
}
`;

exports[`视觉/性能验收 > 视觉基线：cc=6（多大陆 + 多板块） > visual-cc6 1`] = `
{
  "boundaries": 15,
  "boundaryByType": {
    "convergent": 72,
    "divergent": 168,
    "total": 3000,
    "transform": 235,
  },
  "coastlineVertCounts": [
    11,
    12,
    37,
    109,
    239,
    292,
  ],
  "coastlines": 6,
  "land": 1178,
  "landRatio": 0.393,
  "landmass": {
    "bboxAspectRatio": 1.422,
    "bboxFillRatio": 0.716,
    "coastRoughness": 4.707,
    "componentCount": 3,
    "edgeLinearity": 0.649,
    "largestRatio": 0.472,
    "polarLandRatio": 0.111,
    "secondRatio": 0.435,
  },
  "plates": 8,
  "total": 3000,
  "water": 1822,
}
`;
