// Vitest Snapshot v1, https://vitest.dev/guide/snapshot.html

exports[`视觉/性能验收 > 视觉基线：cc=1（单大陆） > visual-cc1 1`] = `
{
  "boundaries": 4,
  "boundaryByType": {
    "convergent": 83,
    "divergent": 73,
    "total": 2000,
    "transform": 52,
  },
  "coastlineVertCounts": [
    145,
    284,
  ],
  "coastlines": 2,
  "land": 769,
  "landRatio": 0.385,
  "landmass": {
    "bboxAspectRatio": 1.617,
    "bboxFillRatio": 0.625,
    "coastRoughness": 5.298,
    "componentCount": 2,
    "edgeLinearity": 0.588,
    "largestRatio": 0.857,
    "polarLandRatio": 0.105,
    "secondRatio": 0.139,
  },
  "plates": 4,
  "total": 2000,
  "water": 1231,
}
`;

exports[`视觉/性能验收 > 视觉基线：cc=4（多大陆） > visual-cc4 1`] = `
{
  "boundaries": 10,
  "boundaryByType": {
    "convergent": 205,
    "divergent": 37,
    "total": 3000,
    "transform": 100,
  },
  "coastlineVertCounts": [
    8,
    35,
    267,
    281,
  ],
  "coastlines": 4,
  "land": 1071,
  "landRatio": 0.357,
  "landmass": {
    "bboxAspectRatio": 1.555,
    "bboxFillRatio": 0.711,
    "coastRoughness": 5.748,
    "componentCount": 2,
    "edgeLinearity": 0.541,
    "largestRatio": 0.619,
    "polarLandRatio": 0.101,
    "secondRatio": 0.38,
  },
  "plates": 6,
  "total": 3000,
  "water": 1929,
}
`;

exports[`视觉/性能验收 > 视觉基线：cc=6（多大陆 + 多板块） > visual-cc6 1`] = `
{
  "boundaries": 15,
  "boundaryByType": {
    "convergent": 72,
    "divergent": 168,
    "total": 3000,
    "transform": 235,
  },
  "coastlineVertCounts": [
    8,
    9,
    10,
    11,
    12,
    16,
    18,
    19,
    30,
    32,
    33,
    39,
    278,
    744,
  ],
  "coastlines": 14,
  "land": 1255,
  "landRatio": 0.418,
  "landmass": {
    "bboxAspectRatio": 1.012,
    "bboxFillRatio": 0.52,
    "coastRoughness": 13.915,
    "componentCount": 2,
    "edgeLinearity": 0.392,
    "largestRatio": 0.548,
    "polarLandRatio": 0.077,
    "secondRatio": 0.428,
  },
  "plates": 8,
  "total": 3000,
  "water": 1745,
}
`;
