// Vitest Snapshot v1, https://vitest.dev/guide/snapshot.html

exports[`视觉/性能验收 > 视觉基线：cc=1（单大陆） > visual-cc1 1`] = `
{
  "boundaries": 4,
  "boundaryByType": {
    "convergent": 83,
    "divergent": 73,
    "total": 2000,
    "transform": 52,
  },
  "coastlineVertCounts": [
    10,
    16,
    75,
    168,
    289,
  ],
  "coastlines": 5,
  "land": 883,
  "landRatio": 0.442,
  "plates": 4,
  "total": 2000,
  "water": 1117,
}
`;

exports[`视觉/性能验收 > 视觉基线：cc=4（多大陆） > visual-cc4 1`] = `
{
  "boundaries": 10,
  "boundaryByType": {
    "convergent": 205,
    "divergent": 37,
    "total": 3000,
    "transform": 100,
  },
  "coastlineVertCounts": [
    241,
    391,
  ],
  "coastlines": 2,
  "land": 1377,
  "landRatio": 0.459,
  "plates": 6,
  "total": 3000,
  "water": 1623,
}
`;

exports[`视觉/性能验收 > 视觉基线：cc=6（多大陆 + 多板块） > visual-cc6 1`] = `
{
  "boundaries": 15,
  "boundaryByType": {
    "convergent": 72,
    "divergent": 168,
    "total": 3000,
    "transform": 235,
  },
  "coastlineVertCounts": [
    13,
    143,
    205,
    206,
    297,
  ],
  "coastlines": 5,
  "land": 1341,
  "landRatio": 0.447,
  "plates": 8,
  "total": 3000,
  "water": 1659,
}
`;
